Archive member included because of file (symbol)

c:/winavr-20100110/bin/../lib/gcc/avr/4.3.3/avr51\libgcc.a(_exit.o)
                              c:/winavr-20100110/bin/../lib/gcc/avr/4.3.3/../../../../avr/lib/avr51/crtm128.o (exit)
c:/winavr-20100110/bin/../lib/gcc/avr/4.3.3/avr51\libgcc.a(_clear_bss.o)
                              Atmega128_Button_D.o (__do_clear_bss)
c:/winavr-20100110/bin/../lib/gcc/avr/4.3.3/avr51\libgcc.a(_fixunssfsi.o)
                              Atmega128_Button_D.o (__fixunssfsi)
c:/winavr-20100110/bin/../lib/gcc/avr/4.3.3/avr51\libgcc.a(_addsub_sf.o)
                              c:/winavr-20100110/bin/../lib/gcc/avr/4.3.3/avr51\libgcc.a(_fixunssfsi.o) (__subsf3)
c:/winavr-20100110/bin/../lib/gcc/avr/4.3.3/avr51\libgcc.a(_mul_sf.o)
                              Atmega128_Button_D.o (__mulsf3)
c:/winavr-20100110/bin/../lib/gcc/avr/4.3.3/avr51\libgcc.a(_gt_sf.o)
                              Atmega128_Button_D.o (__gtsf2)
c:/winavr-20100110/bin/../lib/gcc/avr/4.3.3/avr51\libgcc.a(_ge_sf.o)
                              c:/winavr-20100110/bin/../lib/gcc/avr/4.3.3/avr51\libgcc.a(_fixunssfsi.o) (__gesf2)
c:/winavr-20100110/bin/../lib/gcc/avr/4.3.3/avr51\libgcc.a(_lt_sf.o)
                              Atmega128_Button_D.o (__ltsf2)
c:/winavr-20100110/bin/../lib/gcc/avr/4.3.3/avr51\libgcc.a(_sf_to_si.o)
                              c:/winavr-20100110/bin/../lib/gcc/avr/4.3.3/avr51\libgcc.a(_fixunssfsi.o) (__fixsfsi)
c:/winavr-20100110/bin/../lib/gcc/avr/4.3.3/avr51\libgcc.a(_thenan_sf.o)
                              c:/winavr-20100110/bin/../lib/gcc/avr/4.3.3/avr51\libgcc.a(_addsub_sf.o) (__thenan_sf)
c:/winavr-20100110/bin/../lib/gcc/avr/4.3.3/avr51\libgcc.a(_prologue.o)
                              c:/winavr-20100110/bin/../lib/gcc/avr/4.3.3/avr51\libgcc.a(_addsub_sf.o) (__prologue_saves__)
c:/winavr-20100110/bin/../lib/gcc/avr/4.3.3/avr51\libgcc.a(_epilogue.o)
                              c:/winavr-20100110/bin/../lib/gcc/avr/4.3.3/avr51\libgcc.a(_addsub_sf.o) (__epilogue_restores__)
c:/winavr-20100110/bin/../lib/gcc/avr/4.3.3/avr51\libgcc.a(_pack_sf.o)
                              c:/winavr-20100110/bin/../lib/gcc/avr/4.3.3/avr51\libgcc.a(_addsub_sf.o) (__pack_f)
c:/winavr-20100110/bin/../lib/gcc/avr/4.3.3/avr51\libgcc.a(_unpack_sf.o)
                              c:/winavr-20100110/bin/../lib/gcc/avr/4.3.3/avr51\libgcc.a(_addsub_sf.o) (__unpack_f)
c:/winavr-20100110/bin/../lib/gcc/avr/4.3.3/avr51\libgcc.a(_fpcmp_parts_sf.o)
                              c:/winavr-20100110/bin/../lib/gcc/avr/4.3.3/avr51\libgcc.a(_gt_sf.o) (__fpcmp_parts_f)
c:/winavr-20100110/bin/../lib/gcc/avr/4.3.3/../../../../avr/lib/avr51\libc.a(fdevopen.o)
                              Atmega128_Button_D.o (fdevopen)
c:/winavr-20100110/bin/../lib/gcc/avr/4.3.3/../../../../avr/lib/avr51\libc.a(iob.o)
                              c:/winavr-20100110/bin/../lib/gcc/avr/4.3.3/../../../../avr/lib/avr51\libc.a(fdevopen.o) (__iob)
c:/winavr-20100110/bin/../lib/gcc/avr/4.3.3/../../../../avr/lib/avr51\libc.a(printf.o)
                              Atmega128_Button_D.o (printf)
c:/winavr-20100110/bin/../lib/gcc/avr/4.3.3/../../../../avr/lib/avr51\libc.a(puts.o)
                              Atmega128_Button_D.o (puts)
c:/winavr-20100110/bin/../lib/gcc/avr/4.3.3/../../../../avr/lib/avr51\libc.a(vfprintf_std.o)
                              c:/winavr-20100110/bin/../lib/gcc/avr/4.3.3/../../../../avr/lib/avr51\libc.a(printf.o) (vfprintf)
c:/winavr-20100110/bin/../lib/gcc/avr/4.3.3/../../../../avr/lib/avr51\libc.a(calloc.o)
                              c:/winavr-20100110/bin/../lib/gcc/avr/4.3.3/../../../../avr/lib/avr51\libc.a(fdevopen.o) (calloc)
c:/winavr-20100110/bin/../lib/gcc/avr/4.3.3/../../../../avr/lib/avr51\libc.a(malloc.o)
                              c:/winavr-20100110/bin/../lib/gcc/avr/4.3.3/../../../../avr/lib/avr51\libc.a(calloc.o) (malloc)
c:/winavr-20100110/bin/../lib/gcc/avr/4.3.3/../../../../avr/lib/avr51\libc.a(strnlen_P.o)
                              c:/winavr-20100110/bin/../lib/gcc/avr/4.3.3/../../../../avr/lib/avr51\libc.a(vfprintf_std.o) (strnlen_P)
c:/winavr-20100110/bin/../lib/gcc/avr/4.3.3/../../../../avr/lib/avr51\libc.a(memset.o)
                              c:/winavr-20100110/bin/../lib/gcc/avr/4.3.3/../../../../avr/lib/avr51\libc.a(calloc.o) (memset)
c:/winavr-20100110/bin/../lib/gcc/avr/4.3.3/../../../../avr/lib/avr51\libc.a(strnlen.o)
                              c:/winavr-20100110/bin/../lib/gcc/avr/4.3.3/../../../../avr/lib/avr51\libc.a(vfprintf_std.o) (strnlen)
c:/winavr-20100110/bin/../lib/gcc/avr/4.3.3/../../../../avr/lib/avr51\libc.a(fputc.o)
                              c:/winavr-20100110/bin/../lib/gcc/avr/4.3.3/../../../../avr/lib/avr51\libc.a(vfprintf_std.o) (fputc)
c:/winavr-20100110/bin/../lib/gcc/avr/4.3.3/../../../../avr/lib/avr51\libc.a(ultoa_invert.o)
                              c:/winavr-20100110/bin/../lib/gcc/avr/4.3.3/../../../../avr/lib/avr51\libc.a(vfprintf_std.o) (__ultoa_invert)

Allocating common symbols
Common symbol       size              file

cnt                 0x2               Atmega128_Button_D.o
buff                0x12              Atmega128_Button_D.o
__brkval            0x2               c:/winavr-20100110/bin/../lib/gcc/avr/4.3.3/../../../../avr/lib/avr51\libc.a(malloc.o)
callflag            0x2               Atmega128_Button_D.o
__flp               0x2               c:/winavr-20100110/bin/../lib/gcc/avr/4.3.3/../../../../avr/lib/avr51\libc.a(malloc.o)
__iob               0x6               c:/winavr-20100110/bin/../lib/gcc/avr/4.3.3/../../../../avr/lib/avr51\libc.a(iob.o)

Memory Configuration

Name             Origin             Length             Attributes
text             0x00000000         0x00020000         xr
data             0x00800060         0x0000ffa0         rw !x
eeprom           0x00810000         0x00010000         rw !x
fuse             0x00820000         0x00000400         rw !x
lock             0x00830000         0x00000400         rw !x
signature        0x00840000         0x00000400         rw !x
*default*        0x00000000         0xffffffff

Linker script and memory map

Address of section .data set to 0x800100
LOAD c:/winavr-20100110/bin/../lib/gcc/avr/4.3.3/../../../../avr/lib/avr51/crtm128.o
LOAD Atmega128_Button_D.o
LOAD c:/winavr-20100110/bin/../lib/gcc/avr/4.3.3/avr51\libgcc.a
LOAD c:/winavr-20100110/bin/../lib/gcc/avr/4.3.3/../../../../avr/lib/avr51\libc.a
LOAD c:/winavr-20100110/bin/../lib/gcc/avr/4.3.3/avr51\libgcc.a

.hash
 *(.hash)

.dynsym
 *(.dynsym)

.dynstr
 *(.dynstr)

.gnu.version
 *(.gnu.version)

.gnu.version_d
 *(.gnu.version_d)

.gnu.version_r
 *(.gnu.version_r)

.rel.init
 *(.rel.init)

.rela.init
 *(.rela.init)

.rel.text
 *(.rel.text)
 *(.rel.text.*)
 *(.rel.gnu.linkonce.t*)

.rela.text
 *(.rela.text)
 *(.rela.text.*)
 *(.rela.gnu.linkonce.t*)

.rel.fini
 *(.rel.fini)

.rela.fini
 *(.rela.fini)

.rel.rodata
 *(.rel.rodata)
 *(.rel.rodata.*)
 *(.rel.gnu.linkonce.r*)

.rela.rodata
 *(.rela.rodata)
 *(.rela.rodata.*)
 *(.rela.gnu.linkonce.r*)

.rel.data
 *(.rel.data)
 *(.rel.data.*)
 *(.rel.gnu.linkonce.d*)

.rela.data
 *(.rela.data)
 *(.rela.data.*)
 *(.rela.gnu.linkonce.d*)

.rel.ctors
 *(.rel.ctors)

.rela.ctors
 *(.rela.ctors)

.rel.dtors
 *(.rel.dtors)

.rela.dtors
 *(.rela.dtors)

.rel.got
 *(.rel.got)

.rela.got
 *(.rela.got)

.rel.bss
 *(.rel.bss)

.rela.bss
 *(.rela.bss)

.rel.plt
 *(.rel.plt)

.rela.plt
 *(.rela.plt)

.text           0x00000000     0x5b84
 *(.vectors)
 .vectors       0x00000000       0x8c c:/winavr-20100110/bin/../lib/gcc/avr/4.3.3/../../../../avr/lib/avr51/crtm128.o
                0x00000000                __vectors
                0x00000000                __vector_default
 *(.vectors)
 *(.progmem.gcc*)
 *(.progmem*)
                0x0000008c                . = ALIGN (0x2)
                0x0000008c                __trampolines_start = .
 *(.trampolines)
 .trampolines   0x0000008c        0x0 linker stubs
 *(.trampolines*)
                0x0000008c                __trampolines_end = .
 *(.jumptables)
 *(.jumptables*)
 *(.lowtext)
 *(.lowtext*)
                0x0000008c                __ctors_start = .
 *(.ctors)
                0x0000008c                __ctors_end = .
                0x0000008c                __dtors_start = .
 *(.dtors)
                0x0000008c                __dtors_end = .
 SORT(*)(.ctors)
 SORT(*)(.dtors)
 *(.init0)
 .init0         0x0000008c        0x0 c:/winavr-20100110/bin/../lib/gcc/avr/4.3.3/../../../../avr/lib/avr51/crtm128.o
                0x0000008c                __init
 *(.init0)
 *(.init1)
 *(.init1)
 *(.init2)
 .init2         0x0000008c        0xc c:/winavr-20100110/bin/../lib/gcc/avr/4.3.3/../../../../avr/lib/avr51/crtm128.o
 *(.init2)
 *(.init3)
 *(.init3)
 *(.init4)
 .init4         0x00000098       0x1a c:/winavr-20100110/bin/../lib/gcc/avr/4.3.3/../../../../avr/lib/avr51/crtm128.o
                0x00000098                __do_copy_data
 .init4         0x000000b2       0x10 c:/winavr-20100110/bin/../lib/gcc/avr/4.3.3/avr51\libgcc.a(_clear_bss.o)
                0x000000b2                __do_clear_bss
 *(.init4)
 *(.init5)
 *(.init5)
 *(.init6)
 *(.init6)
 *(.init7)
 *(.init7)
 *(.init8)
 *(.init8)
 *(.init9)
 .init9         0x000000c2        0x8 c:/winavr-20100110/bin/../lib/gcc/avr/4.3.3/../../../../avr/lib/avr51/crtm128.o
 *(.init9)
 *(.text)
 .text          0x000000ca        0x4 c:/winavr-20100110/bin/../lib/gcc/avr/4.3.3/../../../../avr/lib/avr51/crtm128.o
                0x000000ca                __vector_22
                0x000000ca                __vector_28
                0x000000ca                __vector_32
                0x000000ca                __vector_34
                0x000000ca                __vector_24
                0x000000ca                __vector_12
                0x000000ca                __bad_interrupt
                0x000000ca                __vector_6
                0x000000ca                __vector_31
                0x000000ca                __vector_3
                0x000000ca                __vector_23
                0x000000ca                __vector_25
                0x000000ca                __vector_11
                0x000000ca                __vector_13
                0x000000ca                __vector_17
                0x000000ca                __vector_19
                0x000000ca                __vector_7
                0x000000ca                __vector_27
                0x000000ca                __vector_5
                0x000000ca                __vector_33
                0x000000ca                __vector_4
                0x000000ca                __vector_9
                0x000000ca                __vector_21
                0x000000ca                __vector_15
                0x000000ca                __vector_29
                0x000000ca                __vector_8
                0x000000ca                __vector_26
                0x000000ca                __vector_14
                0x000000ca                __vector_10
                0x000000ca                __vector_16
                0x000000ca                __vector_20
 .text          0x000000ce     0x46ce Atmega128_Button_D.o
                0x00000186                port_init
                0x000000ce                __vector_1
                0x0000020c                reset
                0x00003dba                uart1_init
                0x00003df2                init_camera
                0x000018e8                shot
                0x000020cc                call_img
                0x00004600                __vector_30
                0x000042f2                init_devices
                0x00003d82                uart0_init
                0x000014ec                idle
                0x00000e6c                set_rate
                0x00004430                main
                0x00000130                __vector_2
                0x0000431e                shot_camera
                0x00000512                resize
                0x00001cda                call_size
                0x00003426                zip
                0x0000455c                __vector_18
 .text          0x0000479c        0x0 c:/winavr-20100110/bin/../lib/gcc/avr/4.3.3/avr51\libgcc.a(_exit.o)
 .text          0x0000479c        0x0 c:/winavr-20100110/bin/../lib/gcc/avr/4.3.3/avr51\libgcc.a(_clear_bss.o)
 .text          0x0000479c       0x58 c:/winavr-20100110/bin/../lib/gcc/avr/4.3.3/avr51\libgcc.a(_fixunssfsi.o)
                0x0000479c                __fixunssfsi
 .text          0x000047f4      0x354 c:/winavr-20100110/bin/../lib/gcc/avr/4.3.3/avr51\libgcc.a(_addsub_sf.o)
                0x00004a8c                __subsf3
                0x00004aee                __addsf3
 .text          0x00004b48      0x1f4 c:/winavr-20100110/bin/../lib/gcc/avr/4.3.3/avr51\libgcc.a(_mul_sf.o)
                0x00004b48                __mulsf3
 .text          0x00004d3c       0x60 c:/winavr-20100110/bin/../lib/gcc/avr/4.3.3/avr51\libgcc.a(_gt_sf.o)
                0x00004d3c                __gtsf2
 .text          0x00004d9c       0x60 c:/winavr-20100110/bin/../lib/gcc/avr/4.3.3/avr51\libgcc.a(_ge_sf.o)
                0x00004d9c                __gesf2
 .text          0x00004dfc       0x60 c:/winavr-20100110/bin/../lib/gcc/avr/4.3.3/avr51\libgcc.a(_lt_sf.o)
                0x00004dfc                __ltsf2
 .text          0x00004e5c       0xa8 c:/winavr-20100110/bin/../lib/gcc/avr/4.3.3/avr51\libgcc.a(_sf_to_si.o)
                0x00004e5c                __fixsfsi
 .text          0x00004f04        0x0 c:/winavr-20100110/bin/../lib/gcc/avr/4.3.3/avr51\libgcc.a(_thenan_sf.o)
 .text          0x00004f04        0x0 c:/winavr-20100110/bin/../lib/gcc/avr/4.3.3/avr51\libgcc.a(_prologue.o)
 .text          0x00004f04        0x0 c:/winavr-20100110/bin/../lib/gcc/avr/4.3.3/avr51\libgcc.a(_epilogue.o)
 .text          0x00004f04      0x1aa c:/winavr-20100110/bin/../lib/gcc/avr/4.3.3/avr51\libgcc.a(_pack_sf.o)
                0x00004f04                __pack_f
 .text          0x000050ae       0xf0 c:/winavr-20100110/bin/../lib/gcc/avr/4.3.3/avr51\libgcc.a(_unpack_sf.o)
                0x000050ae                __unpack_f
 .text          0x0000519e       0xb2 c:/winavr-20100110/bin/../lib/gcc/avr/4.3.3/avr51\libgcc.a(_fpcmp_parts_sf.o)
                0x0000519e                __fpcmp_parts_f
 .text          0x00005250        0x0 c:/winavr-20100110/bin/../lib/gcc/avr/4.3.3/../../../../avr/lib/avr51\libc.a(fdevopen.o)
 .text          0x00005250        0x0 c:/winavr-20100110/bin/../lib/gcc/avr/4.3.3/../../../../avr/lib/avr51\libc.a(iob.o)
 .text          0x00005250        0x0 c:/winavr-20100110/bin/../lib/gcc/avr/4.3.3/../../../../avr/lib/avr51\libc.a(printf.o)
 .text          0x00005250        0x0 c:/winavr-20100110/bin/../lib/gcc/avr/4.3.3/../../../../avr/lib/avr51\libc.a(puts.o)
 .text          0x00005250        0x0 c:/winavr-20100110/bin/../lib/gcc/avr/4.3.3/../../../../avr/lib/avr51\libc.a(vfprintf_std.o)
 .text          0x00005250        0x0 c:/winavr-20100110/bin/../lib/gcc/avr/4.3.3/../../../../avr/lib/avr51\libc.a(calloc.o)
 .text          0x00005250        0x0 c:/winavr-20100110/bin/../lib/gcc/avr/4.3.3/../../../../avr/lib/avr51\libc.a(malloc.o)
 .text          0x00005250        0x0 c:/winavr-20100110/bin/../lib/gcc/avr/4.3.3/../../../../avr/lib/avr51\libc.a(strnlen_P.o)
 .text          0x00005250        0x0 c:/winavr-20100110/bin/../lib/gcc/avr/4.3.3/../../../../avr/lib/avr51\libc.a(memset.o)
 .text          0x00005250        0x0 c:/winavr-20100110/bin/../lib/gcc/avr/4.3.3/../../../../avr/lib/avr51\libc.a(strnlen.o)
 .text          0x00005250        0x0 c:/winavr-20100110/bin/../lib/gcc/avr/4.3.3/../../../../avr/lib/avr51\libc.a(fputc.o)
 .text          0x00005250        0x0 c:/winavr-20100110/bin/../lib/gcc/avr/4.3.3/../../../../avr/lib/avr51\libc.a(ultoa_invert.o)
                0x00005250                . = ALIGN (0x2)
 *(.text.*)
 .text.libgcc   0x00005250        0x0 c:/winavr-20100110/bin/../lib/gcc/avr/4.3.3/avr51\libgcc.a(_exit.o)
 .text.libgcc   0x00005250        0x0 c:/winavr-20100110/bin/../lib/gcc/avr/4.3.3/avr51\libgcc.a(_clear_bss.o)
 .text.libgcc   0x00005250       0x38 c:/winavr-20100110/bin/../lib/gcc/avr/4.3.3/avr51\libgcc.a(_prologue.o)
                0x00005250                __prologue_saves__
 .text.libgcc   0x00005288       0x36 c:/winavr-20100110/bin/../lib/gcc/avr/4.3.3/avr51\libgcc.a(_epilogue.o)
                0x00005288                __epilogue_restores__
 .text.avr-libc
                0x000052be       0x98 c:/winavr-20100110/bin/../lib/gcc/avr/4.3.3/../../../../avr/lib/avr51\libc.a(fdevopen.o)
                0x000052be                fdevopen
 .text.avr-libc
                0x00005356       0x24 c:/winavr-20100110/bin/../lib/gcc/avr/4.3.3/../../../../avr/lib/avr51\libc.a(printf.o)
                0x00005356                printf
 .text.avr-libc
                0x0000537a       0x6a c:/winavr-20100110/bin/../lib/gcc/avr/4.3.3/../../../../avr/lib/avr51\libc.a(puts.o)
                0x0000537a                puts
 .text.avr-libc
                0x000053e4      0x40c c:/winavr-20100110/bin/../lib/gcc/avr/4.3.3/../../../../avr/lib/avr51\libc.a(vfprintf_std.o)
                0x000053e4                vfprintf
 .text.avr-libc
                0x000057f0       0x38 c:/winavr-20100110/bin/../lib/gcc/avr/4.3.3/../../../../avr/lib/avr51\libc.a(calloc.o)
                0x000057f0                calloc
 .text.avr-libc
                0x00005828      0x20a c:/winavr-20100110/bin/../lib/gcc/avr/4.3.3/../../../../avr/lib/avr51\libc.a(malloc.o)
                0x00005828                malloc
                0x00005982                free
 .text.avr-libc
                0x00005a32       0x16 c:/winavr-20100110/bin/../lib/gcc/avr/4.3.3/../../../../avr/lib/avr51\libc.a(strnlen_P.o)
                0x00005a32                strnlen_P
 .text.avr-libc
                0x00005a48        0xe c:/winavr-20100110/bin/../lib/gcc/avr/4.3.3/../../../../avr/lib/avr51\libc.a(memset.o)
                0x00005a48                memset
 .text.avr-libc
                0x00005a56       0x16 c:/winavr-20100110/bin/../lib/gcc/avr/4.3.3/../../../../avr/lib/avr51\libc.a(strnlen.o)
                0x00005a56                strnlen
 .text.avr-libc
                0x00005a6c       0x58 c:/winavr-20100110/bin/../lib/gcc/avr/4.3.3/../../../../avr/lib/avr51\libc.a(fputc.o)
                0x00005a6c                fputc
 .text.avr-libc
                0x00005ac4       0xbc c:/winavr-20100110/bin/../lib/gcc/avr/4.3.3/../../../../avr/lib/avr51\libc.a(ultoa_invert.o)
                0x00005ac4                __ultoa_invert
                0x00005b80                . = ALIGN (0x2)
 *(.fini9)
 .fini9         0x00005b80        0x0 c:/winavr-20100110/bin/../lib/gcc/avr/4.3.3/avr51\libgcc.a(_exit.o)
                0x00005b80                exit
                0x00005b80                _exit
 *(.fini9)
 *(.fini8)
 *(.fini8)
 *(.fini7)
 *(.fini7)
 *(.fini6)
 *(.fini6)
 *(.fini5)
 *(.fini5)
 *(.fini4)
 *(.fini4)
 *(.fini3)
 *(.fini3)
 *(.fini2)
 *(.fini2)
 *(.fini1)
 *(.fini1)
 *(.fini0)
 .fini0         0x00005b80        0x4 c:/winavr-20100110/bin/../lib/gcc/avr/4.3.3/avr51\libgcc.a(_exit.o)
 *(.fini0)
                0x00005b84                _etext = .

.data           0x00800100       0xae load address 0x00005b84
                0x00800100                PROVIDE (__data_start, .)
 *(.data)
 .data          0x00800100        0x0 c:/winavr-20100110/bin/../lib/gcc/avr/4.3.3/../../../../avr/lib/avr51/crtm128.o
 .data          0x00800100       0x9f Atmega128_Button_D.o
 .data          0x0080019f        0x0 c:/winavr-20100110/bin/../lib/gcc/avr/4.3.3/avr51\libgcc.a(_exit.o)
 .data          0x0080019f        0x0 c:/winavr-20100110/bin/../lib/gcc/avr/4.3.3/avr51\libgcc.a(_clear_bss.o)
 .data          0x0080019f        0x0 c:/winavr-20100110/bin/../lib/gcc/avr/4.3.3/avr51\libgcc.a(_fixunssfsi.o)
 .data          0x0080019f        0x0 c:/winavr-20100110/bin/../lib/gcc/avr/4.3.3/avr51\libgcc.a(_addsub_sf.o)
 .data          0x0080019f        0x0 c:/winavr-20100110/bin/../lib/gcc/avr/4.3.3/avr51\libgcc.a(_mul_sf.o)
 .data          0x0080019f        0x0 c:/winavr-20100110/bin/../lib/gcc/avr/4.3.3/avr51\libgcc.a(_gt_sf.o)
 .data          0x0080019f        0x0 c:/winavr-20100110/bin/../lib/gcc/avr/4.3.3/avr51\libgcc.a(_ge_sf.o)
 .data          0x0080019f        0x0 c:/winavr-20100110/bin/../lib/gcc/avr/4.3.3/avr51\libgcc.a(_lt_sf.o)
 .data          0x0080019f        0x0 c:/winavr-20100110/bin/../lib/gcc/avr/4.3.3/avr51\libgcc.a(_sf_to_si.o)
 .data          0x0080019f        0x8 c:/winavr-20100110/bin/../lib/gcc/avr/4.3.3/avr51\libgcc.a(_thenan_sf.o)
                0x0080019f                __thenan_sf
 .data          0x008001a7        0x0 c:/winavr-20100110/bin/../lib/gcc/avr/4.3.3/avr51\libgcc.a(_prologue.o)
 .data          0x008001a7        0x0 c:/winavr-20100110/bin/../lib/gcc/avr/4.3.3/avr51\libgcc.a(_epilogue.o)
 .data          0x008001a7        0x0 c:/winavr-20100110/bin/../lib/gcc/avr/4.3.3/avr51\libgcc.a(_pack_sf.o)
 .data          0x008001a7        0x0 c:/winavr-20100110/bin/../lib/gcc/avr/4.3.3/avr51\libgcc.a(_unpack_sf.o)
 .data          0x008001a7        0x0 c:/winavr-20100110/bin/../lib/gcc/avr/4.3.3/avr51\libgcc.a(_fpcmp_parts_sf.o)
 .data          0x008001a7        0x0 c:/winavr-20100110/bin/../lib/gcc/avr/4.3.3/../../../../avr/lib/avr51\libc.a(fdevopen.o)
 .data          0x008001a7        0x0 c:/winavr-20100110/bin/../lib/gcc/avr/4.3.3/../../../../avr/lib/avr51\libc.a(iob.o)
 .data          0x008001a7        0x0 c:/winavr-20100110/bin/../lib/gcc/avr/4.3.3/../../../../avr/lib/avr51\libc.a(printf.o)
 .data          0x008001a7        0x0 c:/winavr-20100110/bin/../lib/gcc/avr/4.3.3/../../../../avr/lib/avr51\libc.a(puts.o)
 .data          0x008001a7        0x0 c:/winavr-20100110/bin/../lib/gcc/avr/4.3.3/../../../../avr/lib/avr51\libc.a(vfprintf_std.o)
 .data          0x008001a7        0x0 c:/winavr-20100110/bin/../lib/gcc/avr/4.3.3/../../../../avr/lib/avr51\libc.a(calloc.o)
 .data          0x008001a7        0x6 c:/winavr-20100110/bin/../lib/gcc/avr/4.3.3/../../../../avr/lib/avr51\libc.a(malloc.o)
                0x008001a9                __malloc_heap_start
                0x008001ab                __malloc_heap_end
                0x008001a7                __malloc_margin
 .data          0x008001ad        0x0 c:/winavr-20100110/bin/../lib/gcc/avr/4.3.3/../../../../avr/lib/avr51\libc.a(strnlen_P.o)
 .data          0x008001ad        0x0 c:/winavr-20100110/bin/../lib/gcc/avr/4.3.3/../../../../avr/lib/avr51\libc.a(memset.o)
 .data          0x008001ad        0x0 c:/winavr-20100110/bin/../lib/gcc/avr/4.3.3/../../../../avr/lib/avr51\libc.a(strnlen.o)
 .data          0x008001ad        0x0 c:/winavr-20100110/bin/../lib/gcc/avr/4.3.3/../../../../avr/lib/avr51\libc.a(fputc.o)
 .data          0x008001ad        0x0 c:/winavr-20100110/bin/../lib/gcc/avr/4.3.3/../../../../avr/lib/avr51\libc.a(ultoa_invert.o)
 *(.data*)
 *(.rodata)
 *(.rodata*)
 *(.gnu.linkonce.d*)
                0x008001ae                . = ALIGN (0x2)
 *fill*         0x008001ad        0x1 00
                0x008001ae                _edata = .
                0x008001ae                PROVIDE (__data_end, .)

.bss            0x008001ae       0x22
                0x008001ae                PROVIDE (__bss_start, .)
 *(.bss)
 .bss           0x008001ae        0x0 c:/winavr-20100110/bin/../lib/gcc/avr/4.3.3/../../../../avr/lib/avr51/crtm128.o
 .bss           0x008001ae        0x2 Atmega128_Button_D.o
                0x008001ae                idle_flag
 .bss           0x008001b0        0x0 c:/winavr-20100110/bin/../lib/gcc/avr/4.3.3/avr51\libgcc.a(_exit.o)
 .bss           0x008001b0        0x0 c:/winavr-20100110/bin/../lib/gcc/avr/4.3.3/avr51\libgcc.a(_clear_bss.o)
 .bss           0x008001b0        0x0 c:/winavr-20100110/bin/../lib/gcc/avr/4.3.3/avr51\libgcc.a(_fixunssfsi.o)
 .bss           0x008001b0        0x0 c:/winavr-20100110/bin/../lib/gcc/avr/4.3.3/avr51\libgcc.a(_addsub_sf.o)
 .bss           0x008001b0        0x0 c:/winavr-20100110/bin/../lib/gcc/avr/4.3.3/avr51\libgcc.a(_mul_sf.o)
 .bss           0x008001b0        0x0 c:/winavr-20100110/bin/../lib/gcc/avr/4.3.3/avr51\libgcc.a(_gt_sf.o)
 .bss           0x008001b0        0x0 c:/winavr-20100110/bin/../lib/gcc/avr/4.3.3/avr51\libgcc.a(_ge_sf.o)
 .bss           0x008001b0        0x0 c:/winavr-20100110/bin/../lib/gcc/avr/4.3.3/avr51\libgcc.a(_lt_sf.o)
 .bss           0x008001b0        0x0 c:/winavr-20100110/bin/../lib/gcc/avr/4.3.3/avr51\libgcc.a(_sf_to_si.o)
 .bss           0x008001b0        0x0 c:/winavr-20100110/bin/../lib/gcc/avr/4.3.3/avr51\libgcc.a(_thenan_sf.o)
 .bss           0x008001b0        0x0 c:/winavr-20100110/bin/../lib/gcc/avr/4.3.3/avr51\libgcc.a(_prologue.o)
 .bss           0x008001b0        0x0 c:/winavr-20100110/bin/../lib/gcc/avr/4.3.3/avr51\libgcc.a(_epilogue.o)
 .bss           0x008001b0        0x0 c:/winavr-20100110/bin/../lib/gcc/avr/4.3.3/avr51\libgcc.a(_pack_sf.o)
 .bss           0x008001b0        0x0 c:/winavr-20100110/bin/../lib/gcc/avr/4.3.3/avr51\libgcc.a(_unpack_sf.o)
 .bss           0x008001b0        0x0 c:/winavr-20100110/bin/../lib/gcc/avr/4.3.3/avr51\libgcc.a(_fpcmp_parts_sf.o)
 .bss           0x008001b0        0x0 c:/winavr-20100110/bin/../lib/gcc/avr/4.3.3/../../../../avr/lib/avr51\libc.a(fdevopen.o)
 .bss           0x008001b0        0x0 c:/winavr-20100110/bin/../lib/gcc/avr/4.3.3/../../../../avr/lib/avr51\libc.a(iob.o)
 .bss           0x008001b0        0x0 c:/winavr-20100110/bin/../lib/gcc/avr/4.3.3/../../../../avr/lib/avr51\libc.a(printf.o)
 .bss           0x008001b0        0x0 c:/winavr-20100110/bin/../lib/gcc/avr/4.3.3/../../../../avr/lib/avr51\libc.a(puts.o)
 .bss           0x008001b0        0x0 c:/winavr-20100110/bin/../lib/gcc/avr/4.3.3/../../../../avr/lib/avr51\libc.a(vfprintf_std.o)
 .bss           0x008001b0        0x0 c:/winavr-20100110/bin/../lib/gcc/avr/4.3.3/../../../../avr/lib/avr51\libc.a(calloc.o)
 .bss           0x008001b0        0x0 c:/winavr-20100110/bin/../lib/gcc/avr/4.3.3/../../../../avr/lib/avr51\libc.a(malloc.o)
 .bss           0x008001b0        0x0 c:/winavr-20100110/bin/../lib/gcc/avr/4.3.3/../../../../avr/lib/avr51\libc.a(strnlen_P.o)
 .bss           0x008001b0        0x0 c:/winavr-20100110/bin/../lib/gcc/avr/4.3.3/../../../../avr/lib/avr51\libc.a(memset.o)
 .bss           0x008001b0        0x0 c:/winavr-20100110/bin/../lib/gcc/avr/4.3.3/../../../../avr/lib/avr51\libc.a(strnlen.o)
 .bss           0x008001b0        0x0 c:/winavr-20100110/bin/../lib/gcc/avr/4.3.3/../../../../avr/lib/avr51\libc.a(fputc.o)
 .bss           0x008001b0        0x0 c:/winavr-20100110/bin/../lib/gcc/avr/4.3.3/../../../../avr/lib/avr51\libc.a(ultoa_invert.o)
 *(.bss*)
 *(COMMON)
 COMMON         0x008001b0       0x16 Atmega128_Button_D.o
                0x008001b0                cnt
                0x008001b2                buff
                0x008001c4                callflag
 COMMON         0x008001c6        0x6 c:/winavr-20100110/bin/../lib/gcc/avr/4.3.3/../../../../avr/lib/avr51\libc.a(iob.o)
                0x008001c6                __iob
 COMMON         0x008001cc        0x4 c:/winavr-20100110/bin/../lib/gcc/avr/4.3.3/../../../../avr/lib/avr51\libc.a(malloc.o)
                0x008001cc                __brkval
                0x008001ce                __flp
                0x008001d0                PROVIDE (__bss_end, .)
                0x00005b84                __data_load_start = LOADADDR (.data)
                0x00005c32                __data_load_end = (__data_load_start + SIZEOF (.data))

.noinit         0x008001d0        0x0
                0x008001d0                PROVIDE (__noinit_start, .)
 *(.noinit*)
                0x008001d0                PROVIDE (__noinit_end, .)
                0x008001d0                _end = .
                0x008001d0                PROVIDE (__heap_start, .)

.eeprom         0x00810000        0x0
 *(.eeprom*)
                0x00810000                __eeprom_end = .

.fuse
 *(.fuse)
 *(.lfuse)
 *(.hfuse)
 *(.efuse)

.lock
 *(.lock*)

.signature
 *(.signature*)

.stab
 *(.stab)

.stabstr
 *(.stabstr)

.stab.excl
 *(.stab.excl)

.stab.exclstr
 *(.stab.exclstr)

.stab.index
 *(.stab.index)

.stab.indexstr
 *(.stab.indexstr)

.comment
 *(.comment)

.debug
 *(.debug)

.line
 *(.line)

.debug_srcinfo
 *(.debug_srcinfo)

.debug_sfnames
 *(.debug_sfnames)

.debug_aranges  0x00000000      0x160
 *(.debug_aranges)
 .debug_aranges
                0x00000000       0x20 Atmega128_Button_D.o
 .debug_aranges
                0x00000020       0x20 c:/winavr-20100110/bin/../lib/gcc/avr/4.3.3/avr51\libgcc.a(_fixunssfsi.o)
 .debug_aranges
                0x00000040       0x20 c:/winavr-20100110/bin/../lib/gcc/avr/4.3.3/avr51\libgcc.a(_addsub_sf.o)
 .debug_aranges
                0x00000060       0x20 c:/winavr-20100110/bin/../lib/gcc/avr/4.3.3/avr51\libgcc.a(_mul_sf.o)
 .debug_aranges
                0x00000080       0x20 c:/winavr-20100110/bin/../lib/gcc/avr/4.3.3/avr51\libgcc.a(_gt_sf.o)
 .debug_aranges
                0x000000a0       0x20 c:/winavr-20100110/bin/../lib/gcc/avr/4.3.3/avr51\libgcc.a(_ge_sf.o)
 .debug_aranges
                0x000000c0       0x20 c:/winavr-20100110/bin/../lib/gcc/avr/4.3.3/avr51\libgcc.a(_lt_sf.o)
 .debug_aranges
                0x000000e0       0x20 c:/winavr-20100110/bin/../lib/gcc/avr/4.3.3/avr51\libgcc.a(_sf_to_si.o)
 .debug_aranges
                0x00000100       0x20 c:/winavr-20100110/bin/../lib/gcc/avr/4.3.3/avr51\libgcc.a(_pack_sf.o)
 .debug_aranges
                0x00000120       0x20 c:/winavr-20100110/bin/../lib/gcc/avr/4.3.3/avr51\libgcc.a(_unpack_sf.o)
 .debug_aranges
                0x00000140       0x20 c:/winavr-20100110/bin/../lib/gcc/avr/4.3.3/avr51\libgcc.a(_fpcmp_parts_sf.o)

.debug_pubnames
                0x00000000      0x2a9
 *(.debug_pubnames)
 .debug_pubnames
                0x00000000      0x139 Atmega128_Button_D.o
 .debug_pubnames
                0x00000139       0x23 c:/winavr-20100110/bin/../lib/gcc/avr/4.3.3/avr51\libgcc.a(_fixunssfsi.o)
 .debug_pubnames
                0x0000015c       0x2c c:/winavr-20100110/bin/../lib/gcc/avr/4.3.3/avr51\libgcc.a(_addsub_sf.o)
 .debug_pubnames
                0x00000188       0x1f c:/winavr-20100110/bin/../lib/gcc/avr/4.3.3/avr51\libgcc.a(_mul_sf.o)
 .debug_pubnames
                0x000001a7       0x1e c:/winavr-20100110/bin/../lib/gcc/avr/4.3.3/avr51\libgcc.a(_gt_sf.o)
 .debug_pubnames
                0x000001c5       0x1e c:/winavr-20100110/bin/../lib/gcc/avr/4.3.3/avr51\libgcc.a(_ge_sf.o)
 .debug_pubnames
                0x000001e3       0x1e c:/winavr-20100110/bin/../lib/gcc/avr/4.3.3/avr51\libgcc.a(_lt_sf.o)
 .debug_pubnames
                0x00000201       0x20 c:/winavr-20100110/bin/../lib/gcc/avr/4.3.3/avr51\libgcc.a(_sf_to_si.o)
 .debug_pubnames
                0x00000221       0x22 c:/winavr-20100110/bin/../lib/gcc/avr/4.3.3/avr51\libgcc.a(_thenan_sf.o)
 .debug_pubnames
                0x00000243       0x1f c:/winavr-20100110/bin/../lib/gcc/avr/4.3.3/avr51\libgcc.a(_pack_sf.o)
 .debug_pubnames
                0x00000262       0x21 c:/winavr-20100110/bin/../lib/gcc/avr/4.3.3/avr51\libgcc.a(_unpack_sf.o)
 .debug_pubnames
                0x00000283       0x26 c:/winavr-20100110/bin/../lib/gcc/avr/4.3.3/avr51\libgcc.a(_fpcmp_parts_sf.o)

.debug_info     0x00000000     0x31c8
 *(.debug_info)
 .debug_info    0x00000000     0x157f Atmega128_Button_D.o
 .debug_info    0x0000157f       0xb1 c:/winavr-20100110/bin/../lib/gcc/avr/4.3.3/avr51\libgcc.a(_fixunssfsi.o)
 .debug_info    0x00001630      0x47a c:/winavr-20100110/bin/../lib/gcc/avr/4.3.3/avr51\libgcc.a(_addsub_sf.o)
 .debug_info    0x00001aaa      0x485 c:/winavr-20100110/bin/../lib/gcc/avr/4.3.3/avr51\libgcc.a(_mul_sf.o)
 .debug_info    0x00001f2f      0x27f c:/winavr-20100110/bin/../lib/gcc/avr/4.3.3/avr51\libgcc.a(_gt_sf.o)
 .debug_info    0x000021ae      0x27f c:/winavr-20100110/bin/../lib/gcc/avr/4.3.3/avr51\libgcc.a(_ge_sf.o)
 .debug_info    0x0000242d      0x27f c:/winavr-20100110/bin/../lib/gcc/avr/4.3.3/avr51\libgcc.a(_lt_sf.o)
 .debug_info    0x000026ac      0x2b0 c:/winavr-20100110/bin/../lib/gcc/avr/4.3.3/avr51\libgcc.a(_sf_to_si.o)
 .debug_info    0x0000295c      0x12c c:/winavr-20100110/bin/../lib/gcc/avr/4.3.3/avr51\libgcc.a(_thenan_sf.o)
 .debug_info    0x00002a88      0x2df c:/winavr-20100110/bin/../lib/gcc/avr/4.3.3/avr51\libgcc.a(_pack_sf.o)
 .debug_info    0x00002d67      0x251 c:/winavr-20100110/bin/../lib/gcc/avr/4.3.3/avr51\libgcc.a(_unpack_sf.o)
 .debug_info    0x00002fb8      0x210 c:/winavr-20100110/bin/../lib/gcc/avr/4.3.3/avr51\libgcc.a(_fpcmp_parts_sf.o)
 *(.gnu.linkonce.wi.*)

.debug_abbrev   0x00000000     0x10eb
 *(.debug_abbrev)
 .debug_abbrev  0x00000000      0x200 Atmega128_Button_D.o
 .debug_abbrev  0x00000200       0x5d c:/winavr-20100110/bin/../lib/gcc/avr/4.3.3/avr51\libgcc.a(_fixunssfsi.o)
 .debug_abbrev  0x0000025d      0x1ea c:/winavr-20100110/bin/../lib/gcc/avr/4.3.3/avr51\libgcc.a(_addsub_sf.o)
 .debug_abbrev  0x00000447      0x21b c:/winavr-20100110/bin/../lib/gcc/avr/4.3.3/avr51\libgcc.a(_mul_sf.o)
 .debug_abbrev  0x00000662      0x15a c:/winavr-20100110/bin/../lib/gcc/avr/4.3.3/avr51\libgcc.a(_gt_sf.o)
 .debug_abbrev  0x000007bc      0x15a c:/winavr-20100110/bin/../lib/gcc/avr/4.3.3/avr51\libgcc.a(_ge_sf.o)
 .debug_abbrev  0x00000916      0x15a c:/winavr-20100110/bin/../lib/gcc/avr/4.3.3/avr51\libgcc.a(_lt_sf.o)
 .debug_abbrev  0x00000a70      0x17f c:/winavr-20100110/bin/../lib/gcc/avr/4.3.3/avr51\libgcc.a(_sf_to_si.o)
 .debug_abbrev  0x00000bef       0xad c:/winavr-20100110/bin/../lib/gcc/avr/4.3.3/avr51\libgcc.a(_thenan_sf.o)
 .debug_abbrev  0x00000c9c      0x1c0 c:/winavr-20100110/bin/../lib/gcc/avr/4.3.3/avr51\libgcc.a(_pack_sf.o)
 .debug_abbrev  0x00000e5c      0x154 c:/winavr-20100110/bin/../lib/gcc/avr/4.3.3/avr51\libgcc.a(_unpack_sf.o)
 .debug_abbrev  0x00000fb0      0x13b c:/winavr-20100110/bin/../lib/gcc/avr/4.3.3/avr51\libgcc.a(_fpcmp_parts_sf.o)

.debug_line     0x00000000     0x2a49
 *(.debug_line)
 .debug_line    0x00000000     0x1c9c Atmega128_Button_D.o
 .debug_line    0x00001c9c       0xa7 c:/winavr-20100110/bin/../lib/gcc/avr/4.3.3/avr51\libgcc.a(_fixunssfsi.o)
 .debug_line    0x00001d43      0x2af c:/winavr-20100110/bin/../lib/gcc/avr/4.3.3/avr51\libgcc.a(_addsub_sf.o)
 .debug_line    0x00001ff2      0x239 c:/winavr-20100110/bin/../lib/gcc/avr/4.3.3/avr51\libgcc.a(_mul_sf.o)
 .debug_line    0x0000222b       0xd3 c:/winavr-20100110/bin/../lib/gcc/avr/4.3.3/avr51\libgcc.a(_gt_sf.o)
 .debug_line    0x000022fe       0xd3 c:/winavr-20100110/bin/../lib/gcc/avr/4.3.3/avr51\libgcc.a(_ge_sf.o)
 .debug_line    0x000023d1       0xd3 c:/winavr-20100110/bin/../lib/gcc/avr/4.3.3/avr51\libgcc.a(_lt_sf.o)
 .debug_line    0x000024a4      0x109 c:/winavr-20100110/bin/../lib/gcc/avr/4.3.3/avr51\libgcc.a(_sf_to_si.o)
 .debug_line    0x000025ad       0x90 c:/winavr-20100110/bin/../lib/gcc/avr/4.3.3/avr51\libgcc.a(_thenan_sf.o)
 .debug_line    0x0000263d      0x18a c:/winavr-20100110/bin/../lib/gcc/avr/4.3.3/avr51\libgcc.a(_pack_sf.o)
 .debug_line    0x000027c7      0x14b c:/winavr-20100110/bin/../lib/gcc/avr/4.3.3/avr51\libgcc.a(_unpack_sf.o)
 .debug_line    0x00002912      0x137 c:/winavr-20100110/bin/../lib/gcc/avr/4.3.3/avr51\libgcc.a(_fpcmp_parts_sf.o)

.debug_frame    0x00000000      0x2c0
 *(.debug_frame)
 .debug_frame   0x00000000      0x160 Atmega128_Button_D.o
 .debug_frame   0x00000160       0x20 c:/winavr-20100110/bin/../lib/gcc/avr/4.3.3/avr51\libgcc.a(_fixunssfsi.o)
 .debug_frame   0x00000180       0x40 c:/winavr-20100110/bin/../lib/gcc/avr/4.3.3/avr51\libgcc.a(_addsub_sf.o)
 .debug_frame   0x000001c0       0x20 c:/winavr-20100110/bin/../lib/gcc/avr/4.3.3/avr51\libgcc.a(_mul_sf.o)
 .debug_frame   0x000001e0       0x20 c:/winavr-20100110/bin/../lib/gcc/avr/4.3.3/avr51\libgcc.a(_gt_sf.o)
 .debug_frame   0x00000200       0x20 c:/winavr-20100110/bin/../lib/gcc/avr/4.3.3/avr51\libgcc.a(_ge_sf.o)
 .debug_frame   0x00000220       0x20 c:/winavr-20100110/bin/../lib/gcc/avr/4.3.3/avr51\libgcc.a(_lt_sf.o)
 .debug_frame   0x00000240       0x20 c:/winavr-20100110/bin/../lib/gcc/avr/4.3.3/avr51\libgcc.a(_sf_to_si.o)
 .debug_frame   0x00000260       0x20 c:/winavr-20100110/bin/../lib/gcc/avr/4.3.3/avr51\libgcc.a(_pack_sf.o)
 .debug_frame   0x00000280       0x20 c:/winavr-20100110/bin/../lib/gcc/avr/4.3.3/avr51\libgcc.a(_unpack_sf.o)
 .debug_frame   0x000002a0       0x20 c:/winavr-20100110/bin/../lib/gcc/avr/4.3.3/avr51\libgcc.a(_fpcmp_parts_sf.o)

.debug_str      0x00000000      0x400
 *(.debug_str)
 .debug_str     0x00000000      0x1b1 Atmega128_Button_D.o
                                0x1ef (size before relaxing)
 .debug_str     0x000001b1       0x81 c:/winavr-20100110/bin/../lib/gcc/avr/4.3.3/avr51\libgcc.a(_fixunssfsi.o)
                                 0xff (size before relaxing)
 .debug_str     0x00000232      0x14d c:/winavr-20100110/bin/../lib/gcc/avr/4.3.3/avr51\libgcc.a(_addsub_sf.o)
                                0x207 (size before relaxing)
 .debug_str     0x0000037f       0x27 c:/winavr-20100110/bin/../lib/gcc/avr/4.3.3/avr51\libgcc.a(_mul_sf.o)
                                0x1c0 (size before relaxing)
 .debug_str     0x000003a6        0xf c:/winavr-20100110/bin/../lib/gcc/avr/4.3.3/avr51\libgcc.a(_gt_sf.o)
                                0x196 (size before relaxing)
 .debug_str     0x000003b5        0x8 c:/winavr-20100110/bin/../lib/gcc/avr/4.3.3/avr51\libgcc.a(_ge_sf.o)
                                0x196 (size before relaxing)
 .debug_str     0x000003bd        0x8 c:/winavr-20100110/bin/../lib/gcc/avr/4.3.3/avr51\libgcc.a(_lt_sf.o)
                                0x196 (size before relaxing)
 .debug_str     0x000003c5        0xa c:/winavr-20100110/bin/../lib/gcc/avr/4.3.3/avr51\libgcc.a(_sf_to_si.o)
                                0x19f (size before relaxing)
 .debug_str     0x00000000      0x104 c:/winavr-20100110/bin/../lib/gcc/avr/4.3.3/avr51\libgcc.a(_thenan_sf.o)
 .debug_str     0x000003cf       0x16 c:/winavr-20100110/bin/../lib/gcc/avr/4.3.3/avr51\libgcc.a(_pack_sf.o)
                                0x19e (size before relaxing)
 .debug_str     0x000003e5        0xb c:/winavr-20100110/bin/../lib/gcc/avr/4.3.3/avr51\libgcc.a(_unpack_sf.o)
                                0x180 (size before relaxing)
 .debug_str     0x000003f0       0x10 c:/winavr-20100110/bin/../lib/gcc/avr/4.3.3/avr51\libgcc.a(_fpcmp_parts_sf.o)
                                0x164 (size before relaxing)

.debug_loc      0x00000000      0x7ce
 *(.debug_loc)
 .debug_loc     0x00000000       0x34 c:/winavr-20100110/bin/../lib/gcc/avr/4.3.3/avr51\libgcc.a(_fixunssfsi.o)
 .debug_loc     0x00000034      0x32a c:/winavr-20100110/bin/../lib/gcc/avr/4.3.3/avr51\libgcc.a(_addsub_sf.o)
 .debug_loc     0x0000035e      0x104 c:/winavr-20100110/bin/../lib/gcc/avr/4.3.3/avr51\libgcc.a(_mul_sf.o)
 .debug_loc     0x00000462       0x3c c:/winavr-20100110/bin/../lib/gcc/avr/4.3.3/avr51\libgcc.a(_gt_sf.o)
 .debug_loc     0x0000049e       0x3c c:/winavr-20100110/bin/../lib/gcc/avr/4.3.3/avr51\libgcc.a(_ge_sf.o)
 .debug_loc     0x000004da       0x3c c:/winavr-20100110/bin/../lib/gcc/avr/4.3.3/avr51\libgcc.a(_lt_sf.o)
 .debug_loc     0x00000516       0x7e c:/winavr-20100110/bin/../lib/gcc/avr/4.3.3/avr51\libgcc.a(_sf_to_si.o)
 .debug_loc     0x00000594      0x13e c:/winavr-20100110/bin/../lib/gcc/avr/4.3.3/avr51\libgcc.a(_pack_sf.o)
 .debug_loc     0x000006d2       0xac c:/winavr-20100110/bin/../lib/gcc/avr/4.3.3/avr51\libgcc.a(_unpack_sf.o)
 .debug_loc     0x0000077e       0x50 c:/winavr-20100110/bin/../lib/gcc/avr/4.3.3/avr51\libgcc.a(_fpcmp_parts_sf.o)

.debug_macinfo
 *(.debug_macinfo)
OUTPUT(Atmega128_Button_D.elf elf32-avr)
LOAD linker stubs

.debug_ranges   0x00000000       0x50
 .debug_ranges  0x00000000       0x50 c:/winavr-20100110/bin/../lib/gcc/avr/4.3.3/avr51\libgcc.a(_mul_sf.o)
